// Jest Snapshot v1, https://goo.gl/fbAQLP

exports[`should load the assets 1`] = `
<div
  assets={Object {}}
  assetsFulfilled={false}
  assetsRejected={false}
  urls={
    Array [
      "https://js.stripe.com/v2/",
    ]
  }
/>
`;
